[backblue.gif]
[fade.gif]
[index.html]
[cuberto.com/mstile-144x144.png]
[cuberto.com/apple-touch-icon-57x57.png]
[cuberto.com/apple-touch-icon-60x60.png]
[cuberto.com/apple-touch-icon-72x72.png]
[cuberto.com/apple-touch-icon-76x76.png]
[cuberto.com/apple-touch-icon-114x114.png]
[cuberto.com/apple-touch-icon-120x120.png]
[cuberto.com/apple-touch-icon-144x144.png]
[cuberto.com/apple-touch-icon-152x152.png]
[cuberto.com/apple-touch-icon-180x180.png]
[cuberto.com/favicon-32x32.png]
[cuberto.com/android-chrome-192x192.png]
[cuberto.com/favicon-96x96.png]
[cuberto.com/favicon-16x16.png]
[cuberto.com/manifest.json]
[cuberto.com/assets/img/loader/overlay.gif]
[cuberto.com/about/index.html]
[cuberto.com/assets/img/dsx/preview/main.png]
[cuberto.com/contacts/index.html]
[cuberto.com/services/index.html]
[cuberto.com/services/mobile/index.html]
[cuberto.com/services/digital/index.html]
[cuberto.com/services/branding/index.html]
[cuberto.com/assets/img/tawseel/preview/main.png]
[cuberto.com/assets/img/ysa/preview/main.png]
[cuberto.com/projects/dsx/index.html]
[cuberto.com/projects/tawseel/index.html]
[cuberto.com/assets/img/colorfly/preview/main.png]
[cuberto.com/projects/ysa/index.html]
[cuberto.com/assets/img/ewa/preview/main.png]
[cuberto.com/projects/colorfly/index.html]
[cuberto.com/assets/js/vendor.js]
[cuberto.com/assets/js/bundle728d.js]
[www.google.com/recaptcha/apibbe5.js]
[www.google-analytics.com/analytics.js]
[cuberto.com/projects/ewa/index.html]
[mc.yandex.ru/metrika/watch.js]
[snap.licdn.com/li.lms-analytics/insight.min.js]
[cuberto.com/index.html]
[cuberto.com/assets/fonts/circe/Circe-Light.eot]
[cuberto.com/assets/fonts/circe/Circe-Lightd41d.eot]
[cuberto.com/assets/fonts/circe/Circe-Light.woff]
[cuberto.com/assets/fonts/circe/Circe-Light.ttf]
[cuberto.com/assets/fonts/circe/Circe-Regular.eot]
[cuberto.com/assets/fonts/circe/Circe-Regulard41d.eot]
[cuberto.com/assets/fonts/circe/Circe-Regular.woff]
[cuberto.com/assets/fonts/circe/Circe-Regular.ttf]
[cuberto.com/assets/fonts/circe/Circe-Bold.eot]
[cuberto.com/assets/fonts/circe/Circe-Boldd41d.eot]
[cuberto.com/assets/fonts/circe/Circe-Bold.woff]
[cuberto.com/assets/fonts/circe/Circe-Bold.ttf]
[cuberto.com/assets/fonts/din/DINCondensed-Bold.eot]
[cuberto.com/assets/fonts/din/DINCondensed-Boldd41d.eot]
[cuberto.com/assets/fonts/din/DINCondensed-Bold.woff]
[cuberto.com/assets/fonts/din/DINCondensed-Bold.ttf]
[cuberto.com/assets/img/sprites/sprites.png]
[cuberto.com/assets/img/sprites/sprites@2x.png]
[cuberto.com/assets/img/intro/bg.png]
[cuberto.com/assets/img/intro/bg@2x.png]
[cuberto.com/assets/img/about/bg.png]
[cuberto.com/assets/img/about/bg@2x.png]
[cuberto.com/assets/img/contacts/bg.png]
[cuberto.com/assets/img/contacts/bg@2x.png]
[cuberto.com/assets/img/about/awards.png]
[cuberto.com/assets/img/ewa/outshot/top.png]
[cuberto.com/assets/img/ewa/outshot/bottom.png]
[cuberto.com/assets/img/tawseel/outshot/top.png]
[cuberto.com/assets/img/tawseel/outshot/bottom.png]
[cuberto.com/assets/img/taglr/outshot/top.png]
[cuberto.com/assets/img/taglr/outshot/bottom.png]
[cuberto.com/assets/img/colorfly/outshot/top.png]
[cuberto.com/assets/img/colorfly/outshot/bottom.png]
[cuberto.com/assets/img/whsd/outshot/top.png]
[cuberto.com/assets/img/whsd/outshot/bottom.png]
[cuberto.com/assets/img/bluee/outshot/top.png]
[cuberto.com/assets/img/bluee/outshot/bottom.png]
[cuberto.com/assets/img/ritmer/outshot/top.png]
[cuberto.com/assets/img/ritmer/outshot/bottom.png]
[cuberto.com/assets/css/main728d.css]
[cuberto.com/assets/img/sprites/svgsprites.svg]
[cuberto.com/assets/img/services/awards/awwwards.png]
[cuberto.com/services/concept/index.html]
[cuberto.com/assets/img/services/awards/fwa.png]
[cuberto.com/assets/img/services/awards/cssda.png]
[cuberto.com/assets/img/ysa/preview/cover.png]
[cuberto.com/assets/img/tinkoff/preview/cover.png]
[cuberto.com/assets/img/ewa/preview/cover.png]
[cuberto.com/projects/tinkoff/index.html]
[cuberto.com/assets/img/ritmer/preview/cover.png]
[cuberto.com/assets/img/tappawards/preview/cover.png]
[cuberto.com/assets/img/neemble/preview/cover.png]
[cuberto.com/projects/ritmer/index.html]
[cuberto.com/projects/polymatica/index.html]
[cuberto.com/assets/img/polymatica/preview/cover.png]
[cuberto.com/assets/img/ibox/preview/cover.png]
[cuberto.com/assets/img/dsx/preview/cover.png]
[cuberto.com/assets/img/mti/preview/cover.png]
[cuberto.com/assets/img/tradingview/preview/cover.png]
[cuberto.com/services/index.html]
[cuberto.com/projects/tradingview/index.html]
[cuberto.com/assets/img/about/photo/roman.png]
[cuberto.com/assets/img/about/photo/dmitry.png]
[cuberto.com/assets/img/about/photo/kostya.png]
[cuberto.com/assets/img/about/photo/maria.png]
[cuberto.com/assets/img/awards/awwwards-2.png]
[cuberto.com/assets/img/awards/fwa-2.png]
[cuberto.com/assets/img/awards/css-design.png]
[cuberto.com/assets/img/awards/tagline.png]
[cuberto.com/assets/img/awards/tappawards.png]
[cuberto.com/assets/img/awards/bma.png]
[cuberto.com/assets/img/awards/gs_greyen.png]
[cuberto.com/assets/img/awards/ratingruneta.png]
[cuberto.com/assets/img/awards/dxd-masthead.png]
[cuberto.com/assets/img/about/partners/yandex.png]
[cuberto.com/assets/img/about/partners/tinkoff.png]
[cuberto.com/assets/img/about/partners/raif.png]
[cuberto.com/assets/img/about/partners/qiwi.png]
[cuberto.com/assets/img/about/partners/abbyy.png]
[cuberto.com/assets/img/about/partners/mailru.png]
[cuberto.com/assets/img/about/partners/cummins.png]
[cuberto.com/assets/img/about/partners/esignal.png]
[cuberto.com/about/index.html]
[cuberto.com/assets/img/contacts/alexandria.png]
[cuberto.com/assets/img/contacts/london.png]
[cuberto.com/contacts/index.html]
[cuberto.com/services/digital/index.html]
[cuberto.com/assets/img/services/awards/bma.png]
[cuberto.com/assets/img/services/awards/adawards.png]
[cuberto.com/assets/img/services/awards/tappawards.png]
[cuberto.com/assets/img/yolla/preview/cover.png]
[cuberto.com/projects/yolla/index.html]
[cuberto.com/projects/bluee/index.html]
[cuberto.com/assets/img/bluee/preview/cover.png]
[cuberto.com/assets/img/hyphen/preview/cover.png]
[cuberto.com/assets/img/borough/preview/cover.png]
[cuberto.com/assets/img/industry/preview/cover.png]
[cuberto.com/assets/img/tawseel/preview/cover.png]
[cuberto.com/assets/img/skylovers/preview/cover.png]
[cuberto.com/assets/img/appcity/preview/cover.png]
[cuberto.com/assets/img/domopult/preview/cover.png]
[cuberto.com/assets/img/snippet/preview/cover.png]
[cuberto.com/assets/img/taglr/preview/cover.png]
[cuberto.com/assets/img/raiffeisen/preview/cover.png]
[cuberto.com/projects/taglr/index.html]
[cuberto.com/assets/img/qardio/preview/cover.png]
[cuberto.com/projects/raiffeisen/index.html]
[cuberto.com/assets/img/whsd/preview/cover.png]
[cuberto.com/assets/img/vivaster/preview/cover.png]
[cuberto.com/assets/img/albert/preview/cover.png]
[cuberto.com/assets/img/mathspace/preview/cover.png]
[cuberto.com/assets/img/sportscool/preview/cover.png]
[cuberto.com/assets/img/colorfly/preview/cover.png]
[cuberto.com/projects/whsd/index.html]
[cuberto.com/assets/img/sxodim/preview/cover.png]
[cuberto.com/services/mobile/index.html]
[cuberto.com/services/branding/index.html]
[cuberto.com/assets/img/dsx/brands/1.png]
[cuberto.com/assets/img/dsx/brands/2.png]
[cuberto.com/assets/img/dsx/brands/3.png]
[cuberto.com/assets/img/dsx/brands/4.png]
[cuberto.com/assets/img/dsx/brands/5.png]
[cuberto.com/assets/img/dsx/brands/6.png]
[cuberto.com/assets/img/dsx/site/1.png]
[cuberto.com/assets/img/dsx/site/2.png]
[cuberto.com/assets/img/dsx/site/3.png]
[cuberto.com/assets/img/dsx/site/4.png]
[cuberto.com/assets/img/dsx/site/5.png]
[cuberto.com/assets/img/dsx/site/6.png]
[cuberto.com/assets/img/dsx/site/7.png]
[cuberto.com/assets/img/dsx/site/8.png]
[cuberto.com/assets/img/dsx/logo/2.gif]
[cuberto.com/assets/img/dsx/cards/1.png]
[cuberto.com/assets/img/dsx/logo/label.png]
[cuberto.com/projects/dsx/index.html]
[cuberto.com/assets/img/tawseel/brands/1.png]
[cuberto.com/assets/img/tawseel/brands/3.png]
[cuberto.com/assets/img/tawseel/brands/2.png]
[cuberto.com/assets/img/tawseel/brands/4.png]
[cuberto.com/assets/img/tawseel/brands/5.png]
[cuberto.com/assets/img/tawseel/brands/6.png]
[cuberto.com/assets/img/tawseel/brands/7.png]
[cuberto.com/assets/img/tawseel/brands/8.png]
[cuberto.com/assets/img/tawseel/logo/logo.png]
[cuberto.com/assets/img/tawseel/screens/1.png]
[cuberto.com/assets/img/tawseel/screens/2.png]
[cuberto.com/assets/img/tawseel/screens/3.png]
[cuberto.com/assets/img/tawseel/screens/4.png]
[cuberto.com/assets/img/tawseel/screens/5.png]
[cuberto.com/assets/img/tawseel/screens/6.png]
[cuberto.com/assets/img/tawseel/screens/7.png]
[cuberto.com/assets/img/tawseel/screens/8.png]
[cuberto.com/assets/img/tawseel/screens/9.png]
[cuberto.com/assets/img/tawseel/screens/10.png]
[cuberto.com/assets/img/tawseel/logo/label.png]
[cuberto.com/projects/tawseel/index.html]
[cuberto.com/assets/img/ysa/brands/1.png]
[cuberto.com/assets/img/ysa/site/1.png]
[cuberto.com/assets/img/ysa/site/2.png]
[cuberto.com/assets/img/ysa/effect/1.png]
[cuberto.com/assets/img/ysa/site/7.png]
[cuberto.com/assets/img/ysa/site/3.png]
[cuberto.com/assets/img/ysa/site/4.png]
[cuberto.com/assets/img/ysa/site/5.png]
[cuberto.com/assets/img/ysa/site/6.png]
[cuberto.com/assets/img/ysa/site/9.png]
[cuberto.com/assets/img/ysa/site/8.png]
[cuberto.com/assets/img/ysa/logo/label2.png]
[cuberto.com/assets/img/ysa/brands/2.png]
[cuberto.com/assets/img/ysa/logo/label.png]
[cuberto.com/projects/ysa/index.html]
[cuberto.com/assets/img/colorfly/brands/1.png]
[cuberto.com/assets/img/colorfly/brands/2.png]
[cuberto.com/assets/img/colorfly/brands/3.png]
[cuberto.com/assets/img/colorfly/brands/4.png]
[cuberto.com/assets/img/colorfly/brands/5.png]
[cuberto.com/assets/img/colorfly/brands/6.png]
[cuberto.com/assets/img/colorfly/screens/1.png]
[cuberto.com/assets/img/colorfly/screens/2.png]
[cuberto.com/assets/img/colorfly/screens/3.png]
[cuberto.com/assets/img/colorfly/screens/4.png]
[cuberto.com/assets/img/colorfly/screens/5.png]
[cuberto.com/assets/img/colorfly/screens/6.png]
[cuberto.com/assets/img/colorfly/logo/label.png]
[cuberto.com/projects/colorfly/index.html]
[cuberto.com/assets/img/ewa/brands/1.png]
[cuberto.com/assets/img/ewa/brands/2.png]
[cuberto.com/assets/img/ewa/brands/3.png]
[cuberto.com/assets/img/ewa/brands/4.png]
[cuberto.com/assets/img/ewa/brands/5.png]
[cuberto.com/assets/img/ewa/brands/6.png]
[cuberto.com/assets/img/ewa/brands/7.png]
[cuberto.com/assets/img/ewa/brands/8.png]
[cuberto.com/assets/img/ewa/brands/9.png]
[cuberto.com/assets/img/ewa/screens/1.png]
[cuberto.com/assets/img/ewa/screens/2.png]
[cuberto.com/assets/img/ewa/screens/3.png]
[cuberto.com/assets/img/ewa/screens/4.png]
[cuberto.com/assets/img/ewa/ach/1.png]
[cuberto.com/assets/img/ewa/ach/2.png]
[cuberto.com/assets/img/ewa/ach/3.png]
[cuberto.com/assets/img/ewa/ach/4.png]
[cuberto.com/assets/img/ewa/ach/5.png]
[cuberto.com/assets/img/ewa/ach/6.png]
[cuberto.com/assets/img/ewa/ach/7.png]
[cuberto.com/assets/img/ewa/ach/8.png]
[cuberto.com/assets/img/ewa/ach/9.png]
[cuberto.com/assets/img/ewa/ach/10.png]
[cuberto.com/assets/img/ewa/screens/5.png]
[cuberto.com/assets/img/ewa/screens/6.png]
[cuberto.com/assets/img/ewa/site/1.png]
[cuberto.com/assets/img/ewa/site/2.png]
[cuberto.com/assets/img/ewa/site/3.png]
[cuberto.com/assets/img/ewa/site/4.png]
[cuberto.com/assets/img/ewa/site/5.png]
[cuberto.com/assets/img/ewa/response/author.png]
[cuberto.com/assets/img/ewa/logo/label.png]
[cuberto.com/projects/ewa/index.html]
[mc.yandex.ru/metrika/watch.js]
[snap.licdn.com/li.lms-analytics/insight.min.js]
[cuberto.com/assets/css/owl.video.play.html]
[cuberto.com/services/concept/index.html]
[cuberto.com/projects/tinkoff/index.html]
[cuberto.com/projects/ritmer/index.html]
[cuberto.com/projects/polymatica/index.html]
[cuberto.com/projects/tradingview/index.html]
[cuberto.com/projects/yolla/index.html]
[cuberto.com/projects/bluee/index.html]
[cuberto.com/projects/taglr/index.html]
[cuberto.com/projects/raiffeisen/index.html]
[cuberto.com/projects/whsd/index.html]
[cuberto.com/get.html]
[cuberto.com/GSA/index.html]
[cuberto.com/path.html]
[cuberto.com/assets/img/tinkoff/site/9.png]
[cuberto.com/assets/img/ritmer/preview/main.png]
[cuberto.com/assets/img/ritmer/brands/2.png]
[cuberto.com/assets/img/ritmer/brands/3.png]
[cuberto.com/assets/img/ritmer/brands/1.png]
[cuberto.com/assets/img/ritmer/brands/4.png]
[cuberto.com/assets/img/ritmer/brands/5.png]
[cuberto.com/assets/img/ritmer/brands/7.png]
[cuberto.com/assets/img/ritmer/brands/6.png]
[cuberto.com/assets/img/ritmer/brands/8.png]
[cuberto.com/assets/img/ritmer/brands/9.png]
[cuberto.com/assets/img/ritmer/screens/7.png]
[cuberto.com/assets/img/ritmer/screens/2.png]
[cuberto.com/assets/img/ritmer/screens/6.png]
[cuberto.com/assets/img/ritmer/screens/3.png]
[cuberto.com/assets/img/ritmer/screens/1.png]
[cuberto.com/assets/img/ritmer/screens/5.png]
[cuberto.com/assets/img/ritmer/screens/4.png]
[cuberto.com/assets/img/ritmer/site/2.png]
[cuberto.com/assets/img/ritmer/site/1.png]
[cuberto.com/assets/img/ritmer/site/3.png]
[cuberto.com/assets/img/polymatica/brands/1.png]
[cuberto.com/assets/img/polymatica/preview/main.png]
[cuberto.com/assets/img/ritmer/logo/label.png]
[cuberto.com/assets/img/polymatica/brands/2.png]
[cuberto.com/assets/img/polymatica/brands/3.png]
[cuberto.com/assets/img/polymatica/brands/6.png]
[cuberto.com/assets/img/polymatica/brands/5.png]
[cuberto.com/assets/img/polymatica/brands/4.png]
[cuberto.com/assets/img/polymatica/cards/1.png]
[cuberto.com/assets/img/polymatica/site/2.png]
[cuberto.com/assets/img/polymatica/site/1.png]
[cuberto.com/assets/img/polymatica/site/3.png]
[cuberto.com/assets/img/polymatica/site/4.png]
[cuberto.com/assets/img/polymatica/screens/1.png]
[cuberto.com/assets/img/polymatica/site/5.png]
[cuberto.com/assets/img/polymatica/site/6.png]
[cuberto.com/assets/img/polymatica/site/7.png]
[cuberto.com/assets/img/polymatica/response/author.png]
[cuberto.com/assets/img/tradingview/preview/main.png]
[cuberto.com/assets/img/tradingview/icons/1.png]
[cuberto.com/assets/img/polymatica/logo/label.png]
[cuberto.com/assets/img/tradingview/icons/3.png]
[cuberto.com/assets/img/tradingview/icons/2.png]
[cuberto.com/assets/img/tradingview/icons/4.png]
[cuberto.com/assets/img/tradingview/icons/5.png]
[cuberto.com/assets/img/tradingview/icons/7.png]
[cuberto.com/assets/img/tradingview/icons/6.png]
[cuberto.com/assets/img/tradingview/icons/9.png]
[cuberto.com/assets/img/tradingview/icons/8.png]
[cuberto.com/assets/img/tradingview/icons/10.png]
[cuberto.com/assets/img/tradingview/icons/11.png]
[cuberto.com/assets/img/tradingview/icons/13.png]
[cuberto.com/assets/img/tradingview/icons/12.png]
[cuberto.com/assets/img/tradingview/icons/14.png]
[cuberto.com/assets/img/tradingview/icons/18.png]
[cuberto.com/assets/img/tradingview/icons/16.png]
[cuberto.com/assets/img/tradingview/icons/17.png]
[cuberto.com/assets/img/tradingview/icons/15.png]
[cuberto.com/assets/img/tradingview/icons/19.png]
[cuberto.com/assets/img/tradingview/icons/20.png]
[cuberto.com/assets/img/tradingview/icons/21.png]
[cuberto.com/assets/img/tradingview/icons/22.png]
[cuberto.com/assets/img/tradingview/icons/24.png]
[cuberto.com/assets/img/tradingview/site/3.png]
[cuberto.com/assets/img/tradingview/icons/23.png]
[cuberto.com/assets/img/tradingview/site/1.png]
[cuberto.com/assets/img/tradingview/site/2.png]
[cuberto.com/assets/img/tradingview/site/4.png]
[cuberto.com/assets/img/tradingview/screens/1.png]
[cuberto.com/assets/img/tradingview/screens/2.png]
[cuberto.com/assets/img/tradingview/screens/3.png]
[cuberto.com/assets/img/tradingview/screens/4.png]
[cuberto.com/assets/img/tradingview/screens/5.png]
[cuberto.com/assets/img/tradingview/logo/logo@2x.png]
[cuberto.com/assets/img/tradingview/response/author.png]
[cuberto.com/assets/img/tradingview/screens/6.png]
[cuberto.com/assets/img/yolla/preview/main.png]
[cuberto.com/assets/img/yolla/brands/2.png]
[cuberto.com/assets/img/yolla/brands/3.png]
[cuberto.com/assets/img/yolla/brands/5.png]
[cuberto.com/assets/img/yolla/brands/6.png]
[cuberto.com/assets/img/yolla/brands/1.png]
[cuberto.com/assets/img/tradingview/logo/label.png]
[cuberto.com/assets/img/yolla/logo/sketch.png]
[cuberto.com/assets/img/yolla/brands/4.png]
[cuberto.com/assets/img/yolla/logo/symbol.png]
[cuberto.com/assets/img/yolla/card/mockup.png]
[cuberto.com/assets/img/yolla/logo/logo.png]
[cuberto.com/assets/img/yolla/screens/1.png]
[cuberto.com/assets/img/yolla/screens/2.png]
[cuberto.com/assets/img/yolla/screens/3.png]
[cuberto.com/assets/img/yolla/screens/5.png]
[cuberto.com/assets/img/yolla/screens/4.png]
[cuberto.com/assets/img/yolla/screens/6.png]
[cuberto.com/assets/img/bluee/brands/1.png]
[cuberto.com/assets/img/bluee/brands/2.png]
[cuberto.com/assets/img/bluee/preview/main.png]
[cuberto.com/assets/img/bluee/brands/4.png]
[cuberto.com/assets/img/yolla/logo/label.png]
[cuberto.com/assets/img/bluee/brands/3.png]
[cuberto.com/assets/img/bluee/brands/6.png]
[cuberto.com/assets/img/bluee/brands/5.png]
[cuberto.com/assets/img/bluee/screens/1.png]
[cuberto.com/assets/img/bluee/logo/logo.png]
[cuberto.com/assets/img/bluee/card/mockup.png]
[cuberto.com/assets/img/bluee/screens/2.png]
[cuberto.com/assets/img/bluee/screens/4.png]
[cuberto.com/assets/img/bluee/screens/3.png]
[cuberto.com/assets/img/bluee/screens/5.png]
[cuberto.com/assets/img/bluee/screens/6.png]
[cuberto.com/assets/img/bluee/screens/7.png]
[cuberto.com/assets/img/taglr/brands/1.png]
[cuberto.com/assets/img/taglr/brands/2.png]
[cuberto.com/assets/img/bluee/logo/label.png]
[cuberto.com/assets/img/taglr/brands/4.png]
[cuberto.com/assets/img/taglr/brands/3.png]
[cuberto.com/assets/img/taglr/preview/main.png]
[cuberto.com/assets/img/taglr/brands/6.png]
[cuberto.com/assets/img/taglr/brands/7.png]
[cuberto.com/assets/img/taglr/brands/8.png]
[cuberto.com/assets/img/taglr/brands/5.png]
[cuberto.com/assets/img/taglr/screens/1.png]
[cuberto.com/assets/img/taglr/screens/2.png]
[cuberto.com/assets/img/taglr/screens/3.png]
[cuberto.com/assets/img/taglr/screens/4.png]
[cuberto.com/assets/img/taglr/ach/1.png]
[cuberto.com/assets/img/taglr/ach/2.png]
[cuberto.com/assets/img/taglr/ach/3.png]
[cuberto.com/assets/img/taglr/ach/4.png]
[cuberto.com/assets/img/taglr/ach/5.png]
[cuberto.com/assets/img/taglr/ach/7.png]
[cuberto.com/assets/img/taglr/ach/10.png]
[cuberto.com/assets/img/taglr/ach/6.png]
[cuberto.com/assets/img/taglr/ach/8.png]
[cuberto.com/assets/img/taglr/ach/9.png]
[cuberto.com/assets/img/taglr/screens/5.png]
[cuberto.com/assets/img/taglr/screens/7.png]
[cuberto.com/assets/img/taglr/screens/6.png]
[cuberto.com/assets/img/taglr/screens/8.png]
[cuberto.com/assets/img/taglr/screens/9.png]
[cuberto.com/assets/img/taglr/logo/label.png]
[cuberto.com/assets/img/raiffeisen/preview/main.png]
[cuberto.com/assets/img/raiffeisen/brands/1.png]
[cuberto.com/assets/img/raiffeisen/brands/3.png]
[cuberto.com/assets/img/raiffeisen/brands/4.png]
[cuberto.com/assets/img/raiffeisen/brands/2.png]
[cuberto.com/assets/img/raiffeisen/site/2.png]
[cuberto.com/assets/img/raiffeisen/site/1.png]
[cuberto.com/assets/img/raiffeisen/preview/middle.png]
[cuberto.com/assets/img/raiffeisen/site/3.png]
[cuberto.com/assets/img/raiffeisen/site/4.png]
[cuberto.com/assets/img/whsd/preview/main.png]
[cuberto.com/assets/img/whsd/brands/1.png]
[cuberto.com/assets/img/whsd/brands/3.png]
[cuberto.com/assets/img/whsd/brands/2.png]
[cuberto.com/assets/img/whsd/brands/4.png]
[cuberto.com/assets/img/whsd/brands/5.png]
[cuberto.com/assets/img/whsd/brands/6.png]
[cuberto.com/assets/img/whsd/brands/7.png]
[cuberto.com/assets/img/whsd/brands/8.png]
[cuberto.com/assets/img/whsd/brands/9.png]
[cuberto.com/assets/img/whsd/screens/4.png]
[cuberto.com/assets/img/whsd/screens/3.png]
[cuberto.com/assets/img/whsd/screens/2.png]
[cuberto.com/assets/img/whsd/screens/5.png]
[cuberto.com/assets/img/whsd/ach/1.png]
[cuberto.com/assets/img/whsd/ach/2.png]
[cuberto.com/assets/img/whsd/ach/3.png]
[cuberto.com/assets/img/whsd/ach/4.png]
[cuberto.com/assets/img/whsd/screens/6.png]
[cuberto.com/assets/img/whsd/screens/8.png]
[cuberto.com/assets/img/whsd/logo/label.png]
[cuberto.com/assets/img/whsd/screens/9.png]
[cuberto.com/assets/img/whsd/screens/10.png]
[cuberto.com/assets/img/services/concept/1.png]
[px.ads.linkedin.com/insight_tag_errors.gif]
[cuberto.com/assets/img/services/concept/2.png]
[cuberto.com/assets/img/services/concept/tawseel.gif]
[cuberto.com/assets/img/services/concept/2_1.png]
[cuberto.com/assets/img/services/concept/4.png]
[cuberto.com/assets/img/services/concept/dating.gif]
[cuberto.com/assets/img/services/concept/3.png]
[cuberto.com/assets/img/services/concept/colorfly.gif]
[cuberto.com/assets/img/services/concept/5.png]
[cuberto.com/assets/img/services/concept/shazam-shop.gif]
[cuberto.com/assets/img/tinkoff/preview/main.png]
[cuberto.com/assets/img/tinkoff/brands/1.png]
[cuberto.com/assets/img/tinkoff/site/1.png]
[cuberto.com/assets/img/tinkoff/site/2.png]
[cuberto.com/assets/img/tinkoff/site/3.png]
[cuberto.com/assets/img/tinkoff/site/4.png]
[cuberto.com/assets/img/tinkoff/site/5.png]
[cuberto.com/assets/img/tinkoff/site/10.png]
[cuberto.com/assets/img/tinkoff/site/6.png]
[cuberto.com/assets/img/tinkoff/site/7.png]
[cuberto.com/assets/img/tinkoff/site/8.png]
[cuberto.com/banners.adfox.ru/index.html]
[cuberto.com/awaps.yandex.net/index.html]
